// Jest Snapshot v1, https://goo.gl/fbAQLP

exports[`Modal component should render correctly 1`] = `
<div>
  <div
    className="modal"
  >
    <div
      className="container"
    >
      <div
        className="heading success"
      >
        <p
          className="title"
        >
          Success
        </p>
        <span
          className="closeIcon"
        >
          <svg
            fill="currentColor"
            height="1em"
            stroke="currentColor"
            strokeWidth="0"
            style={
              {
                "color": undefined,
              }
            }
            viewBox="0 0 512 512"
            width="1em"
            xmlns="http://www.w3.org/2000/svg"
          >
            <path
              d="M405 136.798L375.202 107 256 226.202 136.798 107 107 136.798 226.202 256 107 375.202 136.798 405 256 285.798 375.202 405 405 375.202 285.798 256z"
            />
          </svg>
        </span>
      </div>
      <div
        className="content"
      >
        Hello success
        <div
          className="closeBtn"
        >
          <button
            className="primary button md success"
            type="button"
          >
            Close
          </button>
        </div>
      </div>
    </div>
  </div>
</div>
`;
