// Jest Snapshot v1, https://goo.gl/fbAQLP

exports[`Card component should render correctly 1`] = `
<div
  className="card"
>
  <p
    className="title"
  >
    Notification
  </p>
  <p
    className="content"
  >
    You are the best!
  </p>
</div>
`;
