// Jest Snapshot v1, https://goo.gl/fbAQLP

exports[`Button component should render correctly 1`] = `
<button
  className="primary button md success"
  type="button"
>
  Button
</button>
`;
