// Jest Snapshot v1, https://goo.gl/fbAQLP

exports[`TodoList component should render correctly 1`] = `
<div
  className="container"
>
  <div
    className="input-wrapper"
  >
    <form
      onSubmit={[Function]}
    >
      <input
        name="todo"
        onBlur={[Function]}
        onChange={[Function]}
        placeholder="Enter your todo"
      />
      <button
        className="btn-add"
        type="submit"
      >
        Add
      </button>
    </form>
  </div>
  <div
    className="todo-list"
  >
    <div
      className="item"
    >
      <p>
        HTML
      </p>
      <span
        className="btn-remove"
        onClick={[Function]}
      >
        <svg
          fill="currentColor"
          height="1em"
          stroke="currentColor"
          strokeWidth="0"
          style={
            {
              "color": undefined,
            }
          }
          viewBox="0 0 448 512"
          width="1em"
          xmlns="http://www.w3.org/2000/svg"
        >
          <path
            d="M432 32H312l-9.4-18.7A24 24 0 0 0 281.1 0H166.8a23.72 23.72 0 0 0-21.4 13.3L136 32H16A16 16 0 0 0 0 48v32a16 16 0 0 0 16 16h416a16 16 0 0 0 16-16V48a16 16 0 0 0-16-16zM53.2 467a48 48 0 0 0 47.9 45h245.8a48 48 0 0 0 47.9-45L416 128H32z"
          />
        </svg>
      </span>
    </div>
    <div
      className="item"
    >
      <p>
        CSS
      </p>
      <span
        className="btn-remove"
        onClick={[Function]}
      >
        <svg
          fill="currentColor"
          height="1em"
          stroke="currentColor"
          strokeWidth="0"
          style={
            {
              "color": undefined,
            }
          }
          viewBox="0 0 448 512"
          width="1em"
          xmlns="http://www.w3.org/2000/svg"
        >
          <path
            d="M432 32H312l-9.4-18.7A24 24 0 0 0 281.1 0H166.8a23.72 23.72 0 0 0-21.4 13.3L136 32H16A16 16 0 0 0 0 48v32a16 16 0 0 0 16 16h416a16 16 0 0 0 16-16V48a16 16 0 0 0-16-16zM53.2 467a48 48 0 0 0 47.9 45h245.8a48 48 0 0 0 47.9-45L416 128H32z"
          />
        </svg>
      </span>
    </div>
  </div>
</div>
`;
