// Jest Snapshot v1, https://goo.gl/fbAQLP

exports[`DetectKey component should render correctly 1`] = `
<div>
  <div
    className="empty"
  >
    Press Any key
  </div>
</div>
`;
